[debug] [2026-04-26T17:10:04.956Z] ----------------------------------------------------------------------
[debug] [2026-04-26T17:10:04.961Z] Command:       C:\Program Files\nodejs\node.exe C:\Users\PMDev\AppData\Roaming\npm\node_modules\firebase-tools\lib\bin\firebase.js init hosting
[debug] [2026-04-26T17:10:04.961Z] CLI Version:   15.15.0
[debug] [2026-04-26T17:10:04.961Z] Platform:      win32
[debug] [2026-04-26T17:10:04.961Z] Node Version:  v22.14.0
[debug] [2026-04-26T17:10:04.962Z] Time:          Sun Apr 26 2026 19:10:04 GMT+0200 (czas środkowoeuropejski letni)
[debug] [2026-04-26T17:10:04.962Z] ----------------------------------------------------------------------
[debug] 
[info] 
     ######## #### ########  ######## ########     ###     ######  ########
     ##        ##  ##     ## ##       ##     ##  ##   ##  ##       ##
     ######    ##  ########  ######   ########  #########  ######  ######
     ##        ##  ##    ##  ##       ##     ## ##     ##       ## ##
     ##       #### ##     ## ######## ########  ##     ##  ######  ########

You're about to initialize a Firebase project in this directory:

  C:\Programming\manadzer wynajmy dla adriana\Page

Before we get started, keep in mind:

  * You are currently outside your home directory
  * You are initializing within an existing Firebase project directory

[info] 
=== Project Setup
[info] 
[info] First, let's associate this project directory with a Firebase project.
[info] You can create multiple project aliases by running firebase use --add, 
[info] 
[debug] [2026-04-26T17:10:11.768Z] > command requires scopes: ["email","openid","https://www.googleapis.com/auth/cloudplatformprojects.readonly","https://www.googleapis.com/auth/firebase","https://www.googleapis.com/auth/cloud-platform"]
[debug] [2026-04-26T17:10:11.768Z] > authorizing via signed-in user (przemek2142@gmail.com)
[debug] [2026-04-26T17:10:11.771Z] Checked if tokens are valid: true, expires at: 1777226743710
[debug] [2026-04-26T17:10:11.771Z] Checked if tokens are valid: true, expires at: 1777226743710
[debug] [2026-04-26T17:10:11.773Z] >>> [apiv2][query] GET https://firebase.googleapis.com/v1beta1/projects/lukopage [none]
[debug] [2026-04-26T17:10:12.639Z] <<< [apiv2][status] GET https://firebase.googleapis.com/v1beta1/projects/lukopage 200
[debug] [2026-04-26T17:10:12.639Z] <<< [apiv2][body] GET https://firebase.googleapis.com/v1beta1/projects/lukopage {"projectId":"lukopage","projectNumber":"430739225282","displayName":"lukopage","name":"projects/lukopage","resources":{"hostingSite":"lukopage"},"state":"ACTIVE","etag":"1_3eccadbe-91ac-4a4c-ae8f-4db9192b19b7"}
[info] i  Using project lukopage (lukopage) . 
[info] 
=== Hosting Setup
[debug] [2026-04-26T17:10:24.259Z] Checked if tokens are valid: true, expires at: 1777226743710
[debug] [2026-04-26T17:10:24.259Z] Checked if tokens are valid: true, expires at: 1777226743710
[debug] [2026-04-26T17:10:24.260Z] >>> [apiv2][query] GET https://firebase.googleapis.com/v1beta1/projects/lukopage [none]
[debug] [2026-04-26T17:10:24.794Z] <<< [apiv2][status] GET https://firebase.googleapis.com/v1beta1/projects/lukopage 200
[debug] [2026-04-26T17:10:24.794Z] <<< [apiv2][body] GET https://firebase.googleapis.com/v1beta1/projects/lukopage {"projectId":"lukopage","projectNumber":"430739225282","displayName":"lukopage","name":"projects/lukopage","resources":{"hostingSite":"lukopage"},"state":"ACTIVE","etag":"1_3eccadbe-91ac-4a4c-ae8f-4db9192b19b7"}
[info] 
[info] Your public directory is the folder (relative to your project directory) that
[info] will contain Hosting assets to be uploaded with firebase deploy. If you
[info] have a build process for your assets, use your build's output directory.
[info] 
